2026-09-29 14:02:36,234 p=52612 u=bolajiadedeji n=ansible WARNING| [WARNING]: Deprecation warnings can be disabled by setting `deprecation_warnings=False` in ansible.cfg.

2026-09-29 14:02:36,234 p=52612 u=bolajiadedeji n=ansible INFO| [DEPRECATION WARNING]: The 'tags' host variable is deprecated. Use 'ec2_tags' instead. This feature will be removed from collection 'amazon.aws' in a release after 2026-12-01.

2026-09-29 14:02:36,243 p=52612 u=bolajiadedeji n=botocore.credentials INFO| Found credentials in shared credentials file: ~/.aws/credentials
2026-09-29 14:02:36,528 p=52612 u=bolajiadedeji n=botocore.credentials INFO| Found credentials in shared credentials file: ~/.aws/credentials
2026-09-29 14:02:37,298 p=52612 u=bolajiadedeji n=botocore.credentials INFO| Found credentials in shared credentials file: ~/.aws/credentials
2026-09-29 14:02:37,669 p=52612 u=bolajiadedeji n=botocore.credentials INFO| Found credentials in shared credentials file: ~/.aws/credentials
2026-09-29 14:02:37,947 p=52612 u=bolajiadedeji n=botocore.credentials INFO| Found credentials in shared credentials file: ~/.aws/credentials
2026-09-29 14:02:38,409 p=52612 u=bolajiadedeji n=botocore.credentials INFO| Found credentials in shared credentials file: ~/.aws/credentials
2026-09-29 14:02:38,669 p=52612 u=bolajiadedeji n=botocore.credentials INFO| Found credentials in shared credentials file: ~/.aws/credentials
2026-09-29 14:02:40,221 p=52612 u=bolajiadedeji n=botocore.credentials INFO| Found credentials in shared credentials file: ~/.aws/credentials
2026-09-29 14:02:41,168 p=52612 u=bolajiadedeji n=botocore.credentials INFO| Found credentials in shared credentials file: ~/.aws/credentials
2026-09-29 14:02:42,161 p=52612 u=bolajiadedeji n=botocore.credentials INFO| Found credentials in shared credentials file: ~/.aws/credentials
2026-09-29 14:02:42,723 p=52612 u=bolajiadedeji n=botocore.credentials INFO| Found credentials in shared credentials file: ~/.aws/credentials
2026-09-29 14:02:43,577 p=52612 u=bolajiadedeji n=botocore.credentials INFO| Found credentials in shared credentials file: ~/.aws/credentials
2026-09-29 14:02:44,343 p=52612 u=bolajiadedeji n=botocore.credentials INFO| Found credentials in shared credentials file: ~/.aws/credentials
2026-09-29 14:02:45,444 p=52612 u=bolajiadedeji n=botocore.credentials INFO| Found credentials in shared credentials file: ~/.aws/credentials
2026-09-29 14:02:45,794 p=52612 u=bolajiadedeji n=botocore.credentials INFO| Found credentials in shared credentials file: ~/.aws/credentials
2026-09-29 14:02:46,289 p=52612 u=bolajiadedeji n=botocore.credentials INFO| Found credentials in shared credentials file: ~/.aws/credentials
2026-09-29 14:02:46,829 p=52612 u=bolajiadedeji n=botocore.credentials INFO| Found credentials in shared credentials file: ~/.aws/credentials
2026-09-29 14:02:47,540 p=52612 u=bolajiadedeji n=botocore.credentials INFO| Found credentials in shared credentials file: ~/.aws/credentials
2026-09-29 14:02:48,427 p=52612 u=bolajiadedeji n=ansible WARNING| [WARNING]: Found variable using reserved name 'tags'.
Origin: <unknown>

tags


2026-09-29 14:02:48,428 p=52612 u=bolajiadedeji n=ansible INFO| {
    "_meta": {
        "hostvars": {
            "ec2-18-171-146-74.eu-west-2.compute.amazonaws.com": {
                "ami_launch_index": 0,
                "architecture": {
                    "__ansible_unsafe": "x86_64"
                },
                "block_device_mappings": [
                    {
                        "device_name": {
                            "__ansible_unsafe": "/dev/xvda"
                        },
                        "ebs": {
                            "attach_time": "2026-09-29T12:42:58+00:00",
                            "delete_on_termination": true,
                            "ebs_card_index": 0,
                            "status": {
                                "__ansible_unsafe": "attached"
                            },
                            "volume_id": {
                                "__ansible_unsafe": "vol-002369a9a84d1c671"
                            }
                        }
                    }
                ],
                "boot_mode": {
                    "__ansible_unsafe": "uefi-preferred"
                },
                "capacity_reservation_specification": {
                    "capacity_reservation_preference": {
                        "__ansible_unsafe": "open"
                    }
                },
                "client_token": {
                    "__ansible_unsafe": "terraform-20260929124256094400000001"
                },
                "cpu_options": {
                    "core_count": 1,
                    "threads_per_core": 2
                },
                "current_instance_boot_mode": {
                    "__ansible_unsafe": "uefi"
                },
                "ebs_optimized": false,
                "ec2_tags": {
                    "Name": {
                        "__ansible_unsafe": "bolajicloud-infra-dev"
                    }
                },
                "ena_support": true,
                "enclave_options": {
                    "enabled": false
                },
                "hibernation_options": {
                    "configured": false
                },
                "hypervisor": {
                    "__ansible_unsafe": "xen"
                },
                "image_id": {
                    "__ansible_unsafe": "ami-0506d85c3cdb18989"
                },
                "instance_id": {
                    "__ansible_unsafe": "i-0ef752154d0c01cba"
                },
                "instance_type": {
                    "__ansible_unsafe": "t3.micro"
                },
                "key_name": {
                    "__ansible_unsafe": "newapplication"
                },
                "launch_time": "2026-09-29T12:42:57+00:00",
                "maintenance_options": {
                    "auto_recovery": {
                        "__ansible_unsafe": "default"
                    },
                    "reboot_migration": {
                        "__ansible_unsafe": "default"
                    }
                },
                "metadata_options": {
                    "http_endpoint": {
                        "__ansible_unsafe": "enabled"
                    },
                    "http_protocol_ipv6": {
                        "__ansible_unsafe": "disabled"
                    },
                    "http_put_response_hop_limit": 2,
                    "http_tokens": {
                        "__ansible_unsafe": "required"
                    },
                    "instance_metadata_tags": {
                        "__ansible_unsafe": "disabled"
                    },
                    "state": {
                        "__ansible_unsafe": "applied"
                    }
                },
                "monitoring": {
                    "state": {
                        "__ansible_unsafe": "disabled"
                    }
                },
                "network_interfaces": [
                    {
                        "association": {
                            "ip_owner_id": {
                                "__ansible_unsafe": "amazon"
                            },
                            "public_dns_name": {
                                "__ansible_unsafe": "ec2-18-171-146-74.eu-west-2.compute.amazonaws.com"
                            },
                            "public_ip": {
                                "__ansible_unsafe": "18.171.146.74"
                            }
                        },
                        "attachment": {
                            "attach_time": "2026-09-29T12:42:57+00:00",
                            "attachment_id": {
                                "__ansible_unsafe": "eni-attach-09d3fbd449e69eed5"
                            },
                            "delete_on_termination": true,
                            "device_index": 0,
                            "network_card_index": 0,
                            "status": {
                                "__ansible_unsafe": "attached"
                            }
                        },
                        "description": {
                            "__ansible_unsafe": ""
                        },
                        "groups": [
                            {
                                "group_id": {
                                    "__ansible_unsafe": "sg-0ce0c5731479517f3"
                                },
                                "group_name": {
                                    "__ansible_unsafe": "bolajicloud-infra-sg"
                                }
                            }
                        ],
                        "interface_type": {
                            "__ansible_unsafe": "interface"
                        },
                        "ipv6_addresses": [],
                        "mac_address": {
                            "__ansible_unsafe": "02:ff:f5:81:56:bf"
                        },
                        "network_interface_id": {
                            "__ansible_unsafe": "eni-06acfcf77b140e7d9"
                        },
                        "operator": {
                            "managed": false
                        },
                        "owner_id": {
                            "__ansible_unsafe": "669076482055"
                        },
                        "private_dns_name": {
                            "__ansible_unsafe": "ip-172-31-3-181.eu-west-2.compute.internal"
                        },
                        "private_ip_address": {
                            "__ansible_unsafe": "172.31.3.181"
                        },
                        "private_ip_addresses": [
                            {
                                "association": {
                                    "ip_owner_id": {
                                        "__ansible_unsafe": "amazon"
                                    },
                                    "public_dns_name": {
                                        "__ansible_unsafe": "ec2-18-171-146-74.eu-west-2.compute.amazonaws.com"
                                    },
                                    "public_ip": {
                                        "__ansible_unsafe": "18.171.146.74"
                                    }
                                },
                                "primary": true,
                                "private_dns_name": {
                                    "__ansible_unsafe": "ip-172-31-3-181.eu-west-2.compute.internal"
                                },
                                "private_ip_address": {
                                    "__ansible_unsafe": "172.31.3.181"
                                }
                            }
                        ],
                        "source_dest_check": true,
                        "status": {
                            "__ansible_unsafe": "in-use"
                        },
                        "subnet_id": {
                            "__ansible_unsafe": "subnet-053a0639ba9ec52f8"
                        },
                        "vpc_id": {
                            "__ansible_unsafe": "vpc-012f50d45daa804ee"
                        }
                    }
                ],
                "network_performance_options": {
                    "bandwidth_weighting": {
                        "__ansible_unsafe": "default"
                    }
                },
                "operator": {
                    "hidden_by_default": false,
                    "managed": false
                },
                "owner_id": {
                    "__ansible_unsafe": "669076482055"
                },
                "placement": {
                    "availability_zone": {
                        "__ansible_unsafe": "eu-west-2c"
                    },
                    "availability_zone_id": {
                        "__ansible_unsafe": "euw2-az1"
                    },
                    "group_name": {
                        "__ansible_unsafe": ""
                    },
                    "region": {
                        "__ansible_unsafe": "eu-west-2"
                    },
                    "tenancy": {
                        "__ansible_unsafe": "default"
                    }
                },
                "platform_details": {
                    "__ansible_unsafe": "Linux/UNIX"
                },
                "private_dns_name": {
                    "__ansible_unsafe": "ip-172-31-3-181.eu-west-2.compute.internal"
                },
                "private_dns_name_options": {
                    "enable_resource_name_dns_a_record": false,
                    "enable_resource_name_dns_aaaa_record": false,
                    "hostname_type": {
                        "__ansible_unsafe": "ip-name"
                    }
                },
                "private_ip_address": {
                    "__ansible_unsafe": "172.31.3.181"
                },
                "product_codes": [],
                "public_dns_name": {
                    "__ansible_unsafe": "ec2-18-171-146-74.eu-west-2.compute.amazonaws.com"
                },
                "public_ip_address": {
                    "__ansible_unsafe": "18.171.146.74"
                },
                "requester_id": {
                    "__ansible_unsafe": ""
                },
                "reservation_id": {
                    "__ansible_unsafe": "r-02f7fc33df02a23a7"
                },
                "root_device_name": {
                    "__ansible_unsafe": "/dev/xvda"
                },
                "root_device_type": {
                    "__ansible_unsafe": "ebs"
                },
                "security_groups": [
                    {
                        "group_id": {
                            "__ansible_unsafe": "sg-0ce0c5731479517f3"
                        },
                        "group_name": {
                            "__ansible_unsafe": "bolajicloud-infra-sg"
                        }
                    }
                ],
                "source_dest_check": true,
                "state": {
                    "code": 16,
                    "name": {
                        "__ansible_unsafe": "running"
                    }
                },
                "state_transition_reason": {
                    "__ansible_unsafe": ""
                },
                "subnet_id": {
                    "__ansible_unsafe": "subnet-053a0639ba9ec52f8"
                },
                "tags": {
                    "Name": {
                        "__ansible_unsafe": "bolajicloud-infra-dev"
                    }
                },
                "usage_operation": {
                    "__ansible_unsafe": "RunInstances"
                },
                "usage_operation_update_time": "2026-09-29T12:42:57+00:00",
                "virtualization_type": {
                    "__ansible_unsafe": "hvm"
                },
                "vpc_id": {
                    "__ansible_unsafe": "vpc-012f50d45daa804ee"
                }
            }
        },
        "profile": "inventory_legacy"
    },
    "all": {
        "children": [
            "ungrouped",
            "aws_ec2"
        ]
    },
    "aws_ec2": {
        "hosts": [
            "ec2-18-171-146-74.eu-west-2.compute.amazonaws.com"
        ]
    }
}
2026-09-29 14:03:33,514 p=52650 u=bolajiadedeji n=ansible WARNING| [WARNING]: Deprecation warnings can be disabled by setting `deprecation_warnings=False` in ansible.cfg.

2026-09-29 14:03:33,514 p=52650 u=bolajiadedeji n=ansible INFO| [DEPRECATION WARNING]: The 'tags' host variable is deprecated. Use 'ec2_tags' instead. This feature will be removed from collection 'amazon.aws' in a release after 2026-12-01.

2026-09-29 14:03:33,523 p=52650 u=bolajiadedeji n=botocore.credentials INFO| Found credentials in shared credentials file: ~/.aws/credentials
2026-09-29 14:03:33,670 p=52650 u=bolajiadedeji n=botocore.credentials INFO| Found credentials in shared credentials file: ~/.aws/credentials
2026-09-29 14:03:34,381 p=52650 u=bolajiadedeji n=botocore.credentials INFO| Found credentials in shared credentials file: ~/.aws/credentials
2026-09-29 14:03:34,702 p=52650 u=bolajiadedeji n=botocore.credentials INFO| Found credentials in shared credentials file: ~/.aws/credentials
2026-09-29 14:03:34,947 p=52650 u=bolajiadedeji n=botocore.credentials INFO| Found credentials in shared credentials file: ~/.aws/credentials
2026-09-29 14:03:35,312 p=52650 u=bolajiadedeji n=botocore.credentials INFO| Found credentials in shared credentials file: ~/.aws/credentials
2026-09-29 14:03:35,540 p=52650 u=bolajiadedeji n=botocore.credentials INFO| Found credentials in shared credentials file: ~/.aws/credentials
2026-09-29 14:03:36,609 p=52650 u=bolajiadedeji n=botocore.credentials INFO| Found credentials in shared credentials file: ~/.aws/credentials
2026-09-29 14:03:37,506 p=52650 u=bolajiadedeji n=botocore.credentials INFO| Found credentials in shared credentials file: ~/.aws/credentials
2026-09-29 14:03:38,577 p=52650 u=bolajiadedeji n=botocore.credentials INFO| Found credentials in shared credentials file: ~/.aws/credentials
2026-09-29 14:03:39,005 p=52650 u=bolajiadedeji n=botocore.credentials INFO| Found credentials in shared credentials file: ~/.aws/credentials
2026-09-29 14:03:39,835 p=52650 u=bolajiadedeji n=botocore.credentials INFO| Found credentials in shared credentials file: ~/.aws/credentials
2026-09-29 14:03:40,551 p=52650 u=bolajiadedeji n=botocore.credentials INFO| Found credentials in shared credentials file: ~/.aws/credentials
2026-09-29 14:03:41,641 p=52650 u=bolajiadedeji n=botocore.credentials INFO| Found credentials in shared credentials file: ~/.aws/credentials
2026-09-29 14:03:41,915 p=52650 u=bolajiadedeji n=botocore.credentials INFO| Found credentials in shared credentials file: ~/.aws/credentials
2026-09-29 14:03:42,435 p=52650 u=bolajiadedeji n=botocore.credentials INFO| Found credentials in shared credentials file: ~/.aws/credentials
2026-09-29 14:03:42,886 p=52650 u=bolajiadedeji n=botocore.credentials INFO| Found credentials in shared credentials file: ~/.aws/credentials
2026-09-29 14:03:43,531 p=52650 u=bolajiadedeji n=botocore.credentials INFO| Found credentials in shared credentials file: ~/.aws/credentials
2026-09-29 14:03:44,262 p=52650 u=bolajiadedeji n=ansible INFO| @all:
  |--@ungrouped:
  |--@aws_ec2:
  |  |--ec2-18-171-146-74.eu-west-2.compute.amazonaws.com
2026-09-29 14:05:58,119 p=52750 u=bolajiadedeji n=ansible WARNING| [WARNING]: Deprecation warnings can be disabled by setting `deprecation_warnings=False` in ansible.cfg.

2026-09-29 14:05:58,120 p=52750 u=bolajiadedeji n=ansible INFO| [DEPRECATION WARNING]: The 'tags' host variable is deprecated. Use 'ec2_tags' instead. This feature will be removed from collection 'amazon.aws' in a release after 2026-12-01.

2026-09-29 14:05:58,130 p=52750 u=bolajiadedeji n=botocore.credentials INFO| Found credentials in shared credentials file: ~/.aws/credentials
2026-09-29 14:05:58,400 p=52750 u=bolajiadedeji n=botocore.credentials INFO| Found credentials in shared credentials file: ~/.aws/credentials
2026-09-29 14:05:59,195 p=52750 u=bolajiadedeji n=botocore.credentials INFO| Found credentials in shared credentials file: ~/.aws/credentials
2026-09-29 14:05:59,523 p=52750 u=bolajiadedeji n=botocore.credentials INFO| Found credentials in shared credentials file: ~/.aws/credentials
2026-09-29 14:05:59,792 p=52750 u=bolajiadedeji n=botocore.credentials INFO| Found credentials in shared credentials file: ~/.aws/credentials
2026-09-29 14:06:00,238 p=52750 u=bolajiadedeji n=botocore.credentials INFO| Found credentials in shared credentials file: ~/.aws/credentials
2026-09-29 14:06:00,518 p=52750 u=bolajiadedeji n=botocore.credentials INFO| Found credentials in shared credentials file: ~/.aws/credentials
2026-09-29 14:06:01,519 p=52750 u=bolajiadedeji n=botocore.credentials INFO| Found credentials in shared credentials file: ~/.aws/credentials
2026-09-29 14:06:02,503 p=52750 u=bolajiadedeji n=botocore.credentials INFO| Found credentials in shared credentials file: ~/.aws/credentials
2026-09-29 14:06:03,482 p=52750 u=bolajiadedeji n=botocore.credentials INFO| Found credentials in shared credentials file: ~/.aws/credentials
2026-09-29 14:06:03,980 p=52750 u=bolajiadedeji n=botocore.credentials INFO| Found credentials in shared credentials file: ~/.aws/credentials
2026-09-29 14:06:04,834 p=52750 u=bolajiadedeji n=botocore.credentials INFO| Found credentials in shared credentials file: ~/.aws/credentials
2026-09-29 14:06:05,583 p=52750 u=bolajiadedeji n=botocore.credentials INFO| Found credentials in shared credentials file: ~/.aws/credentials
2026-09-29 14:06:06,698 p=52750 u=bolajiadedeji n=botocore.credentials INFO| Found credentials in shared credentials file: ~/.aws/credentials
2026-09-29 14:06:06,985 p=52750 u=bolajiadedeji n=botocore.credentials INFO| Found credentials in shared credentials file: ~/.aws/credentials
2026-09-29 14:06:07,515 p=52750 u=bolajiadedeji n=botocore.credentials INFO| Found credentials in shared credentials file: ~/.aws/credentials
2026-09-29 14:06:08,042 p=52750 u=bolajiadedeji n=botocore.credentials INFO| Found credentials in shared credentials file: ~/.aws/credentials
2026-09-29 14:06:08,786 p=52750 u=bolajiadedeji n=botocore.credentials INFO| Found credentials in shared credentials file: ~/.aws/credentials
2026-09-29 14:06:09,500 p=52750 u=bolajiadedeji n=ansible WARNING| [WARNING]: Could not match supplied host pattern, ignoring: webserver

2026-09-29 14:06:09,500 p=52750 u=bolajiadedeji n=ansible WARNING| [WARNING]: No hosts matched, nothing to do

2026-09-29 14:07:18,913 p=52851 u=bolajiadedeji n=ansible WARNING| [WARNING]: Deprecation warnings can be disabled by setting `deprecation_warnings=False` in ansible.cfg.

2026-09-29 14:07:18,913 p=52851 u=bolajiadedeji n=ansible INFO| [DEPRECATION WARNING]: The 'tags' host variable is deprecated. Use 'ec2_tags' instead. This feature will be removed from collection 'amazon.aws' in a release after 2026-12-01.

2026-09-29 14:07:18,924 p=52851 u=bolajiadedeji n=botocore.credentials INFO| Found credentials in shared credentials file: ~/.aws/credentials
2026-09-29 14:07:19,115 p=52851 u=bolajiadedeji n=botocore.credentials INFO| Found credentials in shared credentials file: ~/.aws/credentials
2026-09-29 14:07:19,921 p=52851 u=bolajiadedeji n=botocore.credentials INFO| Found credentials in shared credentials file: ~/.aws/credentials
2026-09-29 14:07:20,256 p=52851 u=bolajiadedeji n=botocore.credentials INFO| Found credentials in shared credentials file: ~/.aws/credentials
2026-09-29 14:07:20,529 p=52851 u=bolajiadedeji n=botocore.credentials INFO| Found credentials in shared credentials file: ~/.aws/credentials
2026-09-29 14:07:20,856 p=52851 u=bolajiadedeji n=botocore.credentials INFO| Found credentials in shared credentials file: ~/.aws/credentials
2026-09-29 14:07:21,113 p=52851 u=bolajiadedeji n=botocore.credentials INFO| Found credentials in shared credentials file: ~/.aws/credentials
2026-09-29 14:07:22,194 p=52851 u=bolajiadedeji n=botocore.credentials INFO| Found credentials in shared credentials file: ~/.aws/credentials
2026-09-29 14:07:23,098 p=52851 u=bolajiadedeji n=botocore.credentials INFO| Found credentials in shared credentials file: ~/.aws/credentials
2026-09-29 14:07:24,078 p=52851 u=bolajiadedeji n=botocore.credentials INFO| Found credentials in shared credentials file: ~/.aws/credentials
2026-09-29 14:07:24,603 p=52851 u=bolajiadedeji n=botocore.credentials INFO| Found credentials in shared credentials file: ~/.aws/credentials
2026-09-29 14:07:25,502 p=52851 u=bolajiadedeji n=botocore.credentials INFO| Found credentials in shared credentials file: ~/.aws/credentials
2026-09-29 14:07:26,224 p=52851 u=bolajiadedeji n=botocore.credentials INFO| Found credentials in shared credentials file: ~/.aws/credentials
2026-09-29 14:07:27,362 p=52851 u=bolajiadedeji n=botocore.credentials INFO| Found credentials in shared credentials file: ~/.aws/credentials
2026-09-29 14:07:27,633 p=52851 u=bolajiadedeji n=botocore.credentials INFO| Found credentials in shared credentials file: ~/.aws/credentials
2026-09-29 14:07:28,151 p=52851 u=bolajiadedeji n=botocore.credentials INFO| Found credentials in shared credentials file: ~/.aws/credentials
2026-09-29 14:07:28,648 p=52851 u=bolajiadedeji n=botocore.credentials INFO| Found credentials in shared credentials file: ~/.aws/credentials
2026-09-29 14:07:29,379 p=52851 u=bolajiadedeji n=botocore.credentials INFO| Found credentials in shared credentials file: ~/.aws/credentials
2026-09-29 14:07:30,076 p=52851 u=bolajiadedeji n=ansible WARNING| [WARNING]: Could not match supplied host pattern, ignoring: webserver

2026-09-29 14:07:30,076 p=52851 u=bolajiadedeji n=ansible WARNING| [WARNING]: No hosts matched, nothing to do

2026-09-29 14:08:08,229 p=52888 u=bolajiadedeji n=ansible WARNING| [WARNING]: Deprecation warnings can be disabled by setting `deprecation_warnings=False` in ansible.cfg.

2026-09-29 14:08:08,229 p=52888 u=bolajiadedeji n=ansible INFO| [DEPRECATION WARNING]: The 'tags' host variable is deprecated. Use 'ec2_tags' instead. This feature will be removed from collection 'amazon.aws' in a release after 2026-12-01.

2026-09-29 14:08:08,239 p=52888 u=bolajiadedeji n=botocore.credentials INFO| Found credentials in shared credentials file: ~/.aws/credentials
2026-09-29 14:08:08,454 p=52888 u=bolajiadedeji n=botocore.credentials INFO| Found credentials in shared credentials file: ~/.aws/credentials
2026-09-29 14:08:09,198 p=52888 u=bolajiadedeji n=botocore.credentials INFO| Found credentials in shared credentials file: ~/.aws/credentials
2026-09-29 14:08:09,507 p=52888 u=bolajiadedeji n=botocore.credentials INFO| Found credentials in shared credentials file: ~/.aws/credentials
2026-09-29 14:08:09,809 p=52888 u=bolajiadedeji n=botocore.credentials INFO| Found credentials in shared credentials file: ~/.aws/credentials
2026-09-29 14:08:10,147 p=52888 u=bolajiadedeji n=botocore.credentials INFO| Found credentials in shared credentials file: ~/.aws/credentials
2026-09-29 14:08:10,387 p=52888 u=bolajiadedeji n=botocore.credentials INFO| Found credentials in shared credentials file: ~/.aws/credentials
2026-09-29 14:08:11,450 p=52888 u=bolajiadedeji n=botocore.credentials INFO| Found credentials in shared credentials file: ~/.aws/credentials
2026-09-29 14:08:12,335 p=52888 u=bolajiadedeji n=botocore.credentials INFO| Found credentials in shared credentials file: ~/.aws/credentials
2026-09-29 14:08:13,298 p=52888 u=bolajiadedeji n=botocore.credentials INFO| Found credentials in shared credentials file: ~/.aws/credentials
2026-09-29 14:08:13,739 p=52888 u=bolajiadedeji n=botocore.credentials INFO| Found credentials in shared credentials file: ~/.aws/credentials
2026-09-29 14:08:14,572 p=52888 u=bolajiadedeji n=botocore.credentials INFO| Found credentials in shared credentials file: ~/.aws/credentials
2026-09-29 14:08:15,303 p=52888 u=bolajiadedeji n=botocore.credentials INFO| Found credentials in shared credentials file: ~/.aws/credentials
2026-09-29 14:08:16,399 p=52888 u=bolajiadedeji n=botocore.credentials INFO| Found credentials in shared credentials file: ~/.aws/credentials
2026-09-29 14:08:16,638 p=52888 u=bolajiadedeji n=botocore.credentials INFO| Found credentials in shared credentials file: ~/.aws/credentials
2026-09-29 14:08:17,101 p=52888 u=bolajiadedeji n=botocore.credentials INFO| Found credentials in shared credentials file: ~/.aws/credentials
2026-09-29 14:08:17,564 p=52888 u=bolajiadedeji n=botocore.credentials INFO| Found credentials in shared credentials file: ~/.aws/credentials
2026-09-29 14:08:18,258 p=52888 u=bolajiadedeji n=botocore.credentials INFO| Found credentials in shared credentials file: ~/.aws/credentials
2026-09-29 14:08:18,973 p=52888 u=bolajiadedeji n=ansible WARNING| [WARNING]: Found variable using reserved name 'tags'.
Origin: <unknown>

tags


2026-09-29 14:08:19,159 p=52888 u=bolajiadedeji n=ansible ERROR| [ERROR]: Task failed: Failed to connect to the host via ssh: Host key verification failed.
Origin: <adhoc 'ping' task>

{'action': 'ping', 'args': {}, 'timeout': 0, 'async_val': 0, 'poll': 15}


2026-09-29 14:08:19,159 p=52888 u=bolajiadedeji n=ansible INFO| ec2-18-171-146-74.eu-west-2.compute.amazonaws.com | UNREACHABLE! => {
    "changed": false,
    "msg": "Task failed: Failed to connect to the host via ssh: Host key verification failed.",
    "unreachable": true
}
2026-09-29 14:08:39,280 p=52924 u=bolajiadedeji n=ansible WARNING| [WARNING]: Deprecation warnings can be disabled by setting `deprecation_warnings=False` in ansible.cfg.

2026-09-29 14:08:39,280 p=52924 u=bolajiadedeji n=ansible INFO| [DEPRECATION WARNING]: The 'tags' host variable is deprecated. Use 'ec2_tags' instead. This feature will be removed from collection 'amazon.aws' in a release after 2026-12-01.

2026-09-29 14:08:39,289 p=52924 u=bolajiadedeji n=botocore.credentials INFO| Found credentials in shared credentials file: ~/.aws/credentials
2026-09-29 14:08:39,511 p=52924 u=bolajiadedeji n=botocore.credentials INFO| Found credentials in shared credentials file: ~/.aws/credentials
2026-09-29 14:08:40,257 p=52924 u=bolajiadedeji n=botocore.credentials INFO| Found credentials in shared credentials file: ~/.aws/credentials
2026-09-29 14:08:40,694 p=52924 u=bolajiadedeji n=botocore.credentials INFO| Found credentials in shared credentials file: ~/.aws/credentials
2026-09-29 14:08:40,986 p=52924 u=bolajiadedeji n=botocore.credentials INFO| Found credentials in shared credentials file: ~/.aws/credentials
2026-09-29 14:08:41,404 p=52924 u=bolajiadedeji n=botocore.credentials INFO| Found credentials in shared credentials file: ~/.aws/credentials
2026-09-29 14:08:41,710 p=52924 u=bolajiadedeji n=botocore.credentials INFO| Found credentials in shared credentials file: ~/.aws/credentials
2026-09-29 14:08:42,823 p=52924 u=bolajiadedeji n=botocore.credentials INFO| Found credentials in shared credentials file: ~/.aws/credentials
2026-09-29 14:08:43,840 p=52924 u=bolajiadedeji n=botocore.credentials INFO| Found credentials in shared credentials file: ~/.aws/credentials
2026-09-29 14:08:44,818 p=52924 u=bolajiadedeji n=botocore.credentials INFO| Found credentials in shared credentials file: ~/.aws/credentials
2026-09-29 14:08:45,327 p=52924 u=bolajiadedeji n=botocore.credentials INFO| Found credentials in shared credentials file: ~/.aws/credentials
2026-09-29 14:08:46,213 p=52924 u=bolajiadedeji n=botocore.credentials INFO| Found credentials in shared credentials file: ~/.aws/credentials
2026-09-29 14:08:46,946 p=52924 u=bolajiadedeji n=botocore.credentials INFO| Found credentials in shared credentials file: ~/.aws/credentials
2026-09-29 14:08:48,079 p=52924 u=bolajiadedeji n=botocore.credentials INFO| Found credentials in shared credentials file: ~/.aws/credentials
2026-09-29 14:08:48,351 p=52924 u=bolajiadedeji n=botocore.credentials INFO| Found credentials in shared credentials file: ~/.aws/credentials
2026-09-29 14:08:48,881 p=52924 u=bolajiadedeji n=botocore.credentials INFO| Found credentials in shared credentials file: ~/.aws/credentials
2026-09-29 14:08:49,424 p=52924 u=bolajiadedeji n=botocore.credentials INFO| Found credentials in shared credentials file: ~/.aws/credentials
2026-09-29 14:08:50,107 p=52924 u=bolajiadedeji n=botocore.credentials INFO| Found credentials in shared credentials file: ~/.aws/credentials
2026-09-29 14:08:50,959 p=52924 u=bolajiadedeji n=ansible WARNING| [WARNING]: Found variable using reserved name 'tags'.
Origin: <unknown>

tags


2026-09-29 14:08:50,961 p=52924 u=bolajiadedeji n=ansible INFO| {
    "_meta": {
        "hostvars": {
            "ec2-18-171-146-74.eu-west-2.compute.amazonaws.com": {
                "ami_launch_index": 0,
                "architecture": {
                    "__ansible_unsafe": "x86_64"
                },
                "block_device_mappings": [
                    {
                        "device_name": {
                            "__ansible_unsafe": "/dev/xvda"
                        },
                        "ebs": {
                            "attach_time": "2026-09-29T12:42:58+00:00",
                            "delete_on_termination": true,
                            "ebs_card_index": 0,
                            "status": {
                                "__ansible_unsafe": "attached"
                            },
                            "volume_id": {
                                "__ansible_unsafe": "vol-002369a9a84d1c671"
                            }
                        }
                    }
                ],
                "boot_mode": {
                    "__ansible_unsafe": "uefi-preferred"
                },
                "capacity_reservation_specification": {
                    "capacity_reservation_preference": {
                        "__ansible_unsafe": "open"
                    }
                },
                "client_token": {
                    "__ansible_unsafe": "terraform-20260929124256094400000001"
                },
                "cpu_options": {
                    "core_count": 1,
                    "threads_per_core": 2
                },
                "current_instance_boot_mode": {
                    "__ansible_unsafe": "uefi"
                },
                "ebs_optimized": false,
                "ec2_tags": {
                    "Name": {
                        "__ansible_unsafe": "bolajicloud-infra-dev"
                    }
                },
                "ena_support": true,
                "enclave_options": {
                    "enabled": false
                },
                "hibernation_options": {
                    "configured": false
                },
                "hypervisor": {
                    "__ansible_unsafe": "xen"
                },
                "image_id": {
                    "__ansible_unsafe": "ami-0506d85c3cdb18989"
                },
                "instance_id": {
                    "__ansible_unsafe": "i-0ef752154d0c01cba"
                },
                "instance_type": {
                    "__ansible_unsafe": "t3.micro"
                },
                "key_name": {
                    "__ansible_unsafe": "newapplication"
                },
                "launch_time": "2026-09-29T12:42:57+00:00",
                "maintenance_options": {
                    "auto_recovery": {
                        "__ansible_unsafe": "default"
                    },
                    "reboot_migration": {
                        "__ansible_unsafe": "default"
                    }
                },
                "metadata_options": {
                    "http_endpoint": {
                        "__ansible_unsafe": "enabled"
                    },
                    "http_protocol_ipv6": {
                        "__ansible_unsafe": "disabled"
                    },
                    "http_put_response_hop_limit": 2,
                    "http_tokens": {
                        "__ansible_unsafe": "required"
                    },
                    "instance_metadata_tags": {
                        "__ansible_unsafe": "disabled"
                    },
                    "state": {
                        "__ansible_unsafe": "applied"
                    }
                },
                "monitoring": {
                    "state": {
                        "__ansible_unsafe": "disabled"
                    }
                },
                "network_interfaces": [
                    {
                        "association": {
                            "ip_owner_id": {
                                "__ansible_unsafe": "amazon"
                            },
                            "public_dns_name": {
                                "__ansible_unsafe": "ec2-18-171-146-74.eu-west-2.compute.amazonaws.com"
                            },
                            "public_ip": {
                                "__ansible_unsafe": "18.171.146.74"
                            }
                        },
                        "attachment": {
                            "attach_time": "2026-09-29T12:42:57+00:00",
                            "attachment_id": {
                                "__ansible_unsafe": "eni-attach-09d3fbd449e69eed5"
                            },
                            "delete_on_termination": true,
                            "device_index": 0,
                            "network_card_index": 0,
                            "status": {
                                "__ansible_unsafe": "attached"
                            }
                        },
                        "description": {
                            "__ansible_unsafe": ""
                        },
                        "groups": [
                            {
                                "group_id": {
                                    "__ansible_unsafe": "sg-0ce0c5731479517f3"
                                },
                                "group_name": {
                                    "__ansible_unsafe": "bolajicloud-infra-sg"
                                }
                            }
                        ],
                        "interface_type": {
                            "__ansible_unsafe": "interface"
                        },
                        "ipv6_addresses": [],
                        "mac_address": {
                            "__ansible_unsafe": "02:ff:f5:81:56:bf"
                        },
                        "network_interface_id": {
                            "__ansible_unsafe": "eni-06acfcf77b140e7d9"
                        },
                        "operator": {
                            "managed": false
                        },
                        "owner_id": {
                            "__ansible_unsafe": "669076482055"
                        },
                        "private_dns_name": {
                            "__ansible_unsafe": "ip-172-31-3-181.eu-west-2.compute.internal"
                        },
                        "private_ip_address": {
                            "__ansible_unsafe": "172.31.3.181"
                        },
                        "private_ip_addresses": [
                            {
                                "association": {
                                    "ip_owner_id": {
                                        "__ansible_unsafe": "amazon"
                                    },
                                    "public_dns_name": {
                                        "__ansible_unsafe": "ec2-18-171-146-74.eu-west-2.compute.amazonaws.com"
                                    },
                                    "public_ip": {
                                        "__ansible_unsafe": "18.171.146.74"
                                    }
                                },
                                "primary": true,
                                "private_dns_name": {
                                    "__ansible_unsafe": "ip-172-31-3-181.eu-west-2.compute.internal"
                                },
                                "private_ip_address": {
                                    "__ansible_unsafe": "172.31.3.181"
                                }
                            }
                        ],
                        "source_dest_check": true,
                        "status": {
                            "__ansible_unsafe": "in-use"
                        },
                        "subnet_id": {
                            "__ansible_unsafe": "subnet-053a0639ba9ec52f8"
                        },
                        "vpc_id": {
                            "__ansible_unsafe": "vpc-012f50d45daa804ee"
                        }
                    }
                ],
                "network_performance_options": {
                    "bandwidth_weighting": {
                        "__ansible_unsafe": "default"
                    }
                },
                "operator": {
                    "hidden_by_default": false,
                    "managed": false
                },
                "owner_id": {
                    "__ansible_unsafe": "669076482055"
                },
                "placement": {
                    "availability_zone": {
                        "__ansible_unsafe": "eu-west-2c"
                    },
                    "availability_zone_id": {
                        "__ansible_unsafe": "euw2-az1"
                    },
                    "group_name": {
                        "__ansible_unsafe": ""
                    },
                    "region": {
                        "__ansible_unsafe": "eu-west-2"
                    },
                    "tenancy": {
                        "__ansible_unsafe": "default"
                    }
                },
                "platform_details": {
                    "__ansible_unsafe": "Linux/UNIX"
                },
                "private_dns_name": {
                    "__ansible_unsafe": "ip-172-31-3-181.eu-west-2.compute.internal"
                },
                "private_dns_name_options": {
                    "enable_resource_name_dns_a_record": false,
                    "enable_resource_name_dns_aaaa_record": false,
                    "hostname_type": {
                        "__ansible_unsafe": "ip-name"
                    }
                },
                "private_ip_address": {
                    "__ansible_unsafe": "172.31.3.181"
                },
                "product_codes": [],
                "public_dns_name": {
                    "__ansible_unsafe": "ec2-18-171-146-74.eu-west-2.compute.amazonaws.com"
                },
                "public_ip_address": {
                    "__ansible_unsafe": "18.171.146.74"
                },
                "requester_id": {
                    "__ansible_unsafe": ""
                },
                "reservation_id": {
                    "__ansible_unsafe": "r-02f7fc33df02a23a7"
                },
                "root_device_name": {
                    "__ansible_unsafe": "/dev/xvda"
                },
                "root_device_type": {
                    "__ansible_unsafe": "ebs"
                },
                "security_groups": [
                    {
                        "group_id": {
                            "__ansible_unsafe": "sg-0ce0c5731479517f3"
                        },
                        "group_name": {
                            "__ansible_unsafe": "bolajicloud-infra-sg"
                        }
                    }
                ],
                "source_dest_check": true,
                "state": {
                    "code": 16,
                    "name": {
                        "__ansible_unsafe": "running"
                    }
                },
                "state_transition_reason": {
                    "__ansible_unsafe": ""
                },
                "subnet_id": {
                    "__ansible_unsafe": "subnet-053a0639ba9ec52f8"
                },
                "tags": {
                    "Name": {
                        "__ansible_unsafe": "bolajicloud-infra-dev"
                    }
                },
                "usage_operation": {
                    "__ansible_unsafe": "RunInstances"
                },
                "usage_operation_update_time": "2026-09-29T12:42:57+00:00",
                "virtualization_type": {
                    "__ansible_unsafe": "hvm"
                },
                "vpc_id": {
                    "__ansible_unsafe": "vpc-012f50d45daa804ee"
                }
            }
        },
        "profile": "inventory_legacy"
    },
    "all": {
        "children": [
            "ungrouped",
            "aws_ec2",
            "webserver"
        ]
    },
    "aws_ec2": {
        "hosts": [
            "ec2-18-171-146-74.eu-west-2.compute.amazonaws.com"
        ]
    },
    "webserver": {
        "hosts": [
            "ec2-18-171-146-74.eu-west-2.compute.amazonaws.com"
        ]
    }
}
2026-09-29 14:09:06,289 p=52953 u=bolajiadedeji n=ansible WARNING| [WARNING]: Deprecation warnings can be disabled by setting `deprecation_warnings=False` in ansible.cfg.

2026-09-29 14:09:06,289 p=52953 u=bolajiadedeji n=ansible INFO| [DEPRECATION WARNING]: The 'tags' host variable is deprecated. Use 'ec2_tags' instead. This feature will be removed from collection 'amazon.aws' in a release after 2026-12-01.

2026-09-29 14:09:06,298 p=52953 u=bolajiadedeji n=botocore.credentials INFO| Found credentials in shared credentials file: ~/.aws/credentials
2026-09-29 14:09:06,485 p=52953 u=bolajiadedeji n=botocore.credentials INFO| Found credentials in shared credentials file: ~/.aws/credentials
2026-09-29 14:09:07,199 p=52953 u=bolajiadedeji n=botocore.credentials INFO| Found credentials in shared credentials file: ~/.aws/credentials
2026-09-29 14:09:07,497 p=52953 u=bolajiadedeji n=botocore.credentials INFO| Found credentials in shared credentials file: ~/.aws/credentials
2026-09-29 14:09:07,727 p=52953 u=bolajiadedeji n=botocore.credentials INFO| Found credentials in shared credentials file: ~/.aws/credentials
2026-09-29 14:09:08,066 p=52953 u=bolajiadedeji n=botocore.credentials INFO| Found credentials in shared credentials file: ~/.aws/credentials
2026-09-29 14:09:08,324 p=52953 u=bolajiadedeji n=botocore.credentials INFO| Found credentials in shared credentials file: ~/.aws/credentials
2026-09-29 14:09:09,275 p=52953 u=bolajiadedeji n=botocore.credentials INFO| Found credentials in shared credentials file: ~/.aws/credentials
2026-09-29 14:09:10,163 p=52953 u=bolajiadedeji n=botocore.credentials INFO| Found credentials in shared credentials file: ~/.aws/credentials
2026-09-29 14:09:11,139 p=52953 u=bolajiadedeji n=botocore.credentials INFO| Found credentials in shared credentials file: ~/.aws/credentials
2026-09-29 14:09:11,566 p=52953 u=bolajiadedeji n=botocore.credentials INFO| Found credentials in shared credentials file: ~/.aws/credentials
2026-09-29 14:09:12,544 p=52953 u=bolajiadedeji n=botocore.credentials INFO| Found credentials in shared credentials file: ~/.aws/credentials
2026-09-29 14:09:13,253 p=52953 u=bolajiadedeji n=botocore.credentials INFO| Found credentials in shared credentials file: ~/.aws/credentials
2026-09-29 14:09:14,341 p=52953 u=bolajiadedeji n=botocore.credentials INFO| Found credentials in shared credentials file: ~/.aws/credentials
2026-09-29 14:09:14,577 p=52953 u=bolajiadedeji n=botocore.credentials INFO| Found credentials in shared credentials file: ~/.aws/credentials
2026-09-29 14:09:15,074 p=52953 u=bolajiadedeji n=botocore.credentials INFO| Found credentials in shared credentials file: ~/.aws/credentials
2026-09-29 14:09:15,512 p=52953 u=bolajiadedeji n=botocore.credentials INFO| Found credentials in shared credentials file: ~/.aws/credentials
2026-09-29 14:09:16,134 p=52953 u=bolajiadedeji n=botocore.credentials INFO| Found credentials in shared credentials file: ~/.aws/credentials
2026-09-29 14:09:16,890 p=52953 u=bolajiadedeji n=ansible INFO| @all:
  |--@ungrouped:
  |--@aws_ec2:
  |  |--ec2-18-171-146-74.eu-west-2.compute.amazonaws.com
  |--@webserver:
  |  |--ec2-18-171-146-74.eu-west-2.compute.amazonaws.com
2026-09-29 14:09:39,922 p=52991 u=bolajiadedeji n=ansible WARNING| [WARNING]: Deprecation warnings can be disabled by setting `deprecation_warnings=False` in ansible.cfg.

2026-09-29 14:09:39,922 p=52991 u=bolajiadedeji n=ansible INFO| [DEPRECATION WARNING]: The 'tags' host variable is deprecated. Use 'ec2_tags' instead. This feature will be removed from collection 'amazon.aws' in a release after 2026-12-01.

2026-09-29 14:09:39,932 p=52991 u=bolajiadedeji n=botocore.credentials INFO| Found credentials in shared credentials file: ~/.aws/credentials
2026-09-29 14:09:40,084 p=52991 u=bolajiadedeji n=botocore.credentials INFO| Found credentials in shared credentials file: ~/.aws/credentials
2026-09-29 14:09:40,812 p=52991 u=bolajiadedeji n=botocore.credentials INFO| Found credentials in shared credentials file: ~/.aws/credentials
2026-09-29 14:09:41,098 p=52991 u=bolajiadedeji n=botocore.credentials INFO| Found credentials in shared credentials file: ~/.aws/credentials
2026-09-29 14:09:41,370 p=52991 u=bolajiadedeji n=botocore.credentials INFO| Found credentials in shared credentials file: ~/.aws/credentials
2026-09-29 14:09:41,700 p=52991 u=bolajiadedeji n=botocore.credentials INFO| Found credentials in shared credentials file: ~/.aws/credentials
2026-09-29 14:09:41,918 p=52991 u=bolajiadedeji n=botocore.credentials INFO| Found credentials in shared credentials file: ~/.aws/credentials
2026-09-29 14:09:42,931 p=52991 u=bolajiadedeji n=botocore.credentials INFO| Found credentials in shared credentials file: ~/.aws/credentials
2026-09-29 14:09:43,870 p=52991 u=bolajiadedeji n=botocore.credentials INFO| Found credentials in shared credentials file: ~/.aws/credentials
2026-09-29 14:09:44,869 p=52991 u=bolajiadedeji n=botocore.credentials INFO| Found credentials in shared credentials file: ~/.aws/credentials
2026-09-29 14:09:45,322 p=52991 u=bolajiadedeji n=botocore.credentials INFO| Found credentials in shared credentials file: ~/.aws/credentials
2026-09-29 14:09:46,155 p=52991 u=bolajiadedeji n=botocore.credentials INFO| Found credentials in shared credentials file: ~/.aws/credentials
2026-09-29 14:09:46,841 p=52991 u=bolajiadedeji n=botocore.credentials INFO| Found credentials in shared credentials file: ~/.aws/credentials
2026-09-29 14:09:47,955 p=52991 u=bolajiadedeji n=botocore.credentials INFO| Found credentials in shared credentials file: ~/.aws/credentials
2026-09-29 14:09:48,230 p=52991 u=bolajiadedeji n=botocore.credentials INFO| Found credentials in shared credentials file: ~/.aws/credentials
2026-09-29 14:09:48,724 p=52991 u=bolajiadedeji n=botocore.credentials INFO| Found credentials in shared credentials file: ~/.aws/credentials
2026-09-29 14:09:49,191 p=52991 u=bolajiadedeji n=botocore.credentials INFO| Found credentials in shared credentials file: ~/.aws/credentials
2026-09-29 14:09:49,881 p=52991 u=bolajiadedeji n=botocore.credentials INFO| Found credentials in shared credentials file: ~/.aws/credentials
2026-09-29 14:09:50,673 p=52991 u=bolajiadedeji n=ansible WARNING| [WARNING]: Found variable using reserved name 'tags'.
Origin: <unknown>

tags


2026-09-29 14:09:50,859 p=52991 u=bolajiadedeji n=ansible ERROR| [ERROR]: Task failed: Failed to connect to the host via ssh: Host key verification failed.
Origin: <adhoc 'ping' task>

{'action': 'ping', 'args': {}, 'timeout': 0, 'async_val': 0, 'poll': 15}


2026-09-29 14:09:50,859 p=52991 u=bolajiadedeji n=ansible INFO| ec2-18-171-146-74.eu-west-2.compute.amazonaws.com | UNREACHABLE! => {
    "changed": false,
    "msg": "Task failed: Failed to connect to the host via ssh: Host key verification failed.",
    "unreachable": true
}
2026-09-29 14:15:40,839 p=53192 u=bolajiadedeji n=ansible WARNING| [WARNING]: Deprecation warnings can be disabled by setting `deprecation_warnings=False` in ansible.cfg.

2026-09-29 14:15:40,839 p=53192 u=bolajiadedeji n=ansible INFO| [DEPRECATION WARNING]: The 'tags' host variable is deprecated. Use 'ec2_tags' instead. This feature will be removed from collection 'amazon.aws' in a release after 2026-12-01.

2026-09-29 14:15:40,850 p=53192 u=bolajiadedeji n=botocore.credentials INFO| Found credentials in shared credentials file: ~/.aws/credentials
2026-09-29 14:15:41,095 p=53192 u=bolajiadedeji n=botocore.credentials INFO| Found credentials in shared credentials file: ~/.aws/credentials
2026-09-29 14:15:41,894 p=53192 u=bolajiadedeji n=botocore.credentials INFO| Found credentials in shared credentials file: ~/.aws/credentials
2026-09-29 14:15:42,243 p=53192 u=bolajiadedeji n=botocore.credentials INFO| Found credentials in shared credentials file: ~/.aws/credentials
2026-09-29 14:15:42,530 p=53192 u=bolajiadedeji n=botocore.credentials INFO| Found credentials in shared credentials file: ~/.aws/credentials
2026-09-29 14:15:42,929 p=53192 u=bolajiadedeji n=botocore.credentials INFO| Found credentials in shared credentials file: ~/.aws/credentials
2026-09-29 14:15:43,197 p=53192 u=bolajiadedeji n=botocore.credentials INFO| Found credentials in shared credentials file: ~/.aws/credentials
2026-09-29 14:15:44,302 p=53192 u=bolajiadedeji n=botocore.credentials INFO| Found credentials in shared credentials file: ~/.aws/credentials
2026-09-29 14:15:45,210 p=53192 u=bolajiadedeji n=botocore.credentials INFO| Found credentials in shared credentials file: ~/.aws/credentials
2026-09-29 14:15:46,214 p=53192 u=bolajiadedeji n=botocore.credentials INFO| Found credentials in shared credentials file: ~/.aws/credentials
2026-09-29 14:15:46,707 p=53192 u=bolajiadedeji n=botocore.credentials INFO| Found credentials in shared credentials file: ~/.aws/credentials
2026-09-29 14:15:47,558 p=53192 u=bolajiadedeji n=botocore.credentials INFO| Found credentials in shared credentials file: ~/.aws/credentials
2026-09-29 14:15:48,294 p=53192 u=bolajiadedeji n=botocore.credentials INFO| Found credentials in shared credentials file: ~/.aws/credentials
2026-09-29 14:15:49,515 p=53192 u=bolajiadedeji n=botocore.credentials INFO| Found credentials in shared credentials file: ~/.aws/credentials
2026-09-29 14:15:49,787 p=53192 u=bolajiadedeji n=botocore.credentials INFO| Found credentials in shared credentials file: ~/.aws/credentials
2026-09-29 14:15:50,303 p=53192 u=bolajiadedeji n=botocore.credentials INFO| Found credentials in shared credentials file: ~/.aws/credentials
2026-09-29 14:15:50,822 p=53192 u=bolajiadedeji n=botocore.credentials INFO| Found credentials in shared credentials file: ~/.aws/credentials
2026-09-29 14:15:51,530 p=53192 u=bolajiadedeji n=botocore.credentials INFO| Found credentials in shared credentials file: ~/.aws/credentials
2026-09-29 14:15:52,242 p=53192 u=bolajiadedeji n=ansible WARNING| [WARNING]: Could not match supplied host pattern, ignoring: webserver

2026-09-29 14:15:52,242 p=53192 u=bolajiadedeji n=ansible WARNING| [WARNING]: No hosts matched, nothing to do

2026-09-29 14:16:55,672 p=53286 u=bolajiadedeji n=ansible WARNING| [WARNING]: Deprecation warnings can be disabled by setting `deprecation_warnings=False` in ansible.cfg.

2026-09-29 14:16:55,672 p=53286 u=bolajiadedeji n=ansible INFO| [DEPRECATION WARNING]: The 'tags' host variable is deprecated. Use 'ec2_tags' instead. This feature will be removed from collection 'amazon.aws' in a release after 2026-12-01.

2026-09-29 14:16:55,683 p=53286 u=bolajiadedeji n=botocore.credentials INFO| Found credentials in shared credentials file: ~/.aws/credentials
2026-09-29 14:16:55,857 p=53286 u=bolajiadedeji n=botocore.credentials INFO| Found credentials in shared credentials file: ~/.aws/credentials
2026-09-29 14:16:56,590 p=53286 u=bolajiadedeji n=botocore.credentials INFO| Found credentials in shared credentials file: ~/.aws/credentials
2026-09-29 14:16:56,909 p=53286 u=bolajiadedeji n=botocore.credentials INFO| Found credentials in shared credentials file: ~/.aws/credentials
2026-09-29 14:16:57,140 p=53286 u=bolajiadedeji n=botocore.credentials INFO| Found credentials in shared credentials file: ~/.aws/credentials
2026-09-29 14:16:57,443 p=53286 u=bolajiadedeji n=botocore.credentials INFO| Found credentials in shared credentials file: ~/.aws/credentials
2026-09-29 14:16:57,698 p=53286 u=bolajiadedeji n=botocore.credentials INFO| Found credentials in shared credentials file: ~/.aws/credentials
2026-09-29 14:16:58,657 p=53286 u=bolajiadedeji n=botocore.credentials INFO| Found credentials in shared credentials file: ~/.aws/credentials
2026-09-29 14:16:59,534 p=53286 u=bolajiadedeji n=botocore.credentials INFO| Found credentials in shared credentials file: ~/.aws/credentials
2026-09-29 14:17:00,533 p=53286 u=bolajiadedeji n=botocore.credentials INFO| Found credentials in shared credentials file: ~/.aws/credentials
2026-09-29 14:17:00,980 p=53286 u=bolajiadedeji n=botocore.credentials INFO| Found credentials in shared credentials file: ~/.aws/credentials
2026-09-29 14:17:01,828 p=53286 u=bolajiadedeji n=botocore.credentials INFO| Found credentials in shared credentials file: ~/.aws/credentials
2026-09-29 14:17:02,536 p=53286 u=bolajiadedeji n=botocore.credentials INFO| Found credentials in shared credentials file: ~/.aws/credentials
2026-09-29 14:17:03,624 p=53286 u=bolajiadedeji n=botocore.credentials INFO| Found credentials in shared credentials file: ~/.aws/credentials
2026-09-29 14:17:03,862 p=53286 u=bolajiadedeji n=botocore.credentials INFO| Found credentials in shared credentials file: ~/.aws/credentials
2026-09-29 14:17:04,328 p=53286 u=bolajiadedeji n=botocore.credentials INFO| Found credentials in shared credentials file: ~/.aws/credentials
2026-09-29 14:17:04,807 p=53286 u=bolajiadedeji n=botocore.credentials INFO| Found credentials in shared credentials file: ~/.aws/credentials
2026-09-29 14:17:05,496 p=53286 u=bolajiadedeji n=botocore.credentials INFO| Found credentials in shared credentials file: ~/.aws/credentials
2026-09-29 14:17:06,190 p=53286 u=bolajiadedeji n=ansible WARNING| [WARNING]: Could not match supplied host pattern, ignoring: webserver

2026-09-29 14:17:06,190 p=53286 u=bolajiadedeji n=ansible WARNING| [WARNING]: No hosts matched, nothing to do

2026-09-29 14:17:27,510 p=53318 u=bolajiadedeji n=ansible WARNING| [WARNING]: Deprecation warnings can be disabled by setting `deprecation_warnings=False` in ansible.cfg.

2026-09-29 14:17:27,510 p=53318 u=bolajiadedeji n=ansible INFO| [DEPRECATION WARNING]: The 'tags' host variable is deprecated. Use 'ec2_tags' instead. This feature will be removed from collection 'amazon.aws' in a release after 2026-12-01.

2026-09-29 14:17:27,520 p=53318 u=bolajiadedeji n=botocore.credentials INFO| Found credentials in shared credentials file: ~/.aws/credentials
2026-09-29 14:17:27,801 p=53318 u=bolajiadedeji n=botocore.credentials INFO| Found credentials in shared credentials file: ~/.aws/credentials
2026-09-29 14:17:28,605 p=53318 u=bolajiadedeji n=botocore.credentials INFO| Found credentials in shared credentials file: ~/.aws/credentials
2026-09-29 14:17:28,953 p=53318 u=bolajiadedeji n=botocore.credentials INFO| Found credentials in shared credentials file: ~/.aws/credentials
2026-09-29 14:17:29,263 p=53318 u=bolajiadedeji n=botocore.credentials INFO| Found credentials in shared credentials file: ~/.aws/credentials
2026-09-29 14:17:29,595 p=53318 u=bolajiadedeji n=botocore.credentials INFO| Found credentials in shared credentials file: ~/.aws/credentials
2026-09-29 14:17:29,858 p=53318 u=bolajiadedeji n=botocore.credentials INFO| Found credentials in shared credentials file: ~/.aws/credentials
2026-09-29 14:17:31,002 p=53318 u=bolajiadedeji n=botocore.credentials INFO| Found credentials in shared credentials file: ~/.aws/credentials
2026-09-29 14:17:31,910 p=53318 u=bolajiadedeji n=botocore.credentials INFO| Found credentials in shared credentials file: ~/.aws/credentials
2026-09-29 14:17:32,910 p=53318 u=bolajiadedeji n=botocore.credentials INFO| Found credentials in shared credentials file: ~/.aws/credentials
2026-09-29 14:17:33,397 p=53318 u=bolajiadedeji n=botocore.credentials INFO| Found credentials in shared credentials file: ~/.aws/credentials
2026-09-29 14:17:34,269 p=53318 u=bolajiadedeji n=botocore.credentials INFO| Found credentials in shared credentials file: ~/.aws/credentials
2026-09-29 14:17:35,000 p=53318 u=bolajiadedeji n=botocore.credentials INFO| Found credentials in shared credentials file: ~/.aws/credentials
2026-09-29 14:17:36,111 p=53318 u=bolajiadedeji n=botocore.credentials INFO| Found credentials in shared credentials file: ~/.aws/credentials
2026-09-29 14:17:36,428 p=53318 u=bolajiadedeji n=botocore.credentials INFO| Found credentials in shared credentials file: ~/.aws/credentials
2026-09-29 14:17:36,950 p=53318 u=bolajiadedeji n=botocore.credentials INFO| Found credentials in shared credentials file: ~/.aws/credentials
2026-09-29 14:17:37,560 p=53318 u=bolajiadedeji n=botocore.credentials INFO| Found credentials in shared credentials file: ~/.aws/credentials
2026-09-29 14:17:38,282 p=53318 u=bolajiadedeji n=botocore.credentials INFO| Found credentials in shared credentials file: ~/.aws/credentials
2026-09-29 14:17:39,038 p=53318 u=bolajiadedeji n=ansible WARNING| [WARNING]: Found variable using reserved name 'tags'.
Origin: <unknown>

tags


2026-09-29 14:17:39,234 p=53318 u=bolajiadedeji n=ansible ERROR| [ERROR]: Task failed: Failed to connect to the host via ssh: Host key verification failed.
Origin: <adhoc 'ping' task>

{'action': 'ping', 'args': {}, 'timeout': 0, 'async_val': 0, 'poll': 15}


2026-09-29 14:17:39,234 p=53318 u=bolajiadedeji n=ansible INFO| ec2-18-171-146-74.eu-west-2.compute.amazonaws.com | UNREACHABLE! => {
    "changed": false,
    "msg": "Task failed: Failed to connect to the host via ssh: Host key verification failed.",
    "unreachable": true
}
2026-09-29 14:21:00,170 p=53432 u=bolajiadedeji n=ansible WARNING| [WARNING]: Deprecation warnings can be disabled by setting `deprecation_warnings=False` in ansible.cfg.

2026-09-29 14:21:00,170 p=53432 u=bolajiadedeji n=ansible INFO| [DEPRECATION WARNING]: The 'tags' host variable is deprecated. Use 'ec2_tags' instead. This feature will be removed from collection 'amazon.aws' in a release after 2026-12-01.

2026-09-29 14:21:00,181 p=53432 u=bolajiadedeji n=botocore.credentials INFO| Found credentials in shared credentials file: ~/.aws/credentials
2026-09-29 14:21:00,393 p=53432 u=bolajiadedeji n=botocore.credentials INFO| Found credentials in shared credentials file: ~/.aws/credentials
2026-09-29 14:21:01,251 p=53432 u=bolajiadedeji n=botocore.credentials INFO| Found credentials in shared credentials file: ~/.aws/credentials
2026-09-29 14:21:01,579 p=53432 u=bolajiadedeji n=botocore.credentials INFO| Found credentials in shared credentials file: ~/.aws/credentials
2026-09-29 14:21:01,874 p=53432 u=bolajiadedeji n=botocore.credentials INFO| Found credentials in shared credentials file: ~/.aws/credentials
2026-09-29 14:21:02,253 p=53432 u=bolajiadedeji n=botocore.credentials INFO| Found credentials in shared credentials file: ~/.aws/credentials
2026-09-29 14:21:02,538 p=53432 u=bolajiadedeji n=botocore.credentials INFO| Found credentials in shared credentials file: ~/.aws/credentials
2026-09-29 14:21:03,610 p=53432 u=bolajiadedeji n=botocore.credentials INFO| Found credentials in shared credentials file: ~/.aws/credentials
2026-09-29 14:21:04,640 p=53432 u=bolajiadedeji n=botocore.credentials INFO| Found credentials in shared credentials file: ~/.aws/credentials
2026-09-29 14:21:05,656 p=53432 u=bolajiadedeji n=botocore.credentials INFO| Found credentials in shared credentials file: ~/.aws/credentials
2026-09-29 14:21:06,137 p=53432 u=bolajiadedeji n=botocore.credentials INFO| Found credentials in shared credentials file: ~/.aws/credentials
2026-09-29 14:21:07,018 p=53432 u=bolajiadedeji n=botocore.credentials INFO| Found credentials in shared credentials file: ~/.aws/credentials
2026-09-29 14:21:07,749 p=53432 u=bolajiadedeji n=botocore.credentials INFO| Found credentials in shared credentials file: ~/.aws/credentials
2026-09-29 14:21:08,881 p=53432 u=bolajiadedeji n=botocore.credentials INFO| Found credentials in shared credentials file: ~/.aws/credentials
2026-09-29 14:21:09,289 p=53432 u=bolajiadedeji n=botocore.credentials INFO| Found credentials in shared credentials file: ~/.aws/credentials
2026-09-29 14:21:09,924 p=53432 u=bolajiadedeji n=botocore.credentials INFO| Found credentials in shared credentials file: ~/.aws/credentials
2026-09-29 14:21:10,440 p=53432 u=bolajiadedeji n=botocore.credentials INFO| Found credentials in shared credentials file: ~/.aws/credentials
2026-09-29 14:21:11,194 p=53432 u=bolajiadedeji n=botocore.credentials INFO| Found credentials in shared credentials file: ~/.aws/credentials
2026-09-29 14:21:11,966 p=53432 u=bolajiadedeji n=ansible WARNING| [WARNING]: Found variable using reserved name 'tags'.
Origin: <unknown>

tags


2026-09-29 14:21:12,154 p=53432 u=bolajiadedeji n=ansible ERROR| [ERROR]: Task failed: Failed to connect to the host via ssh: Host key verification failed.
Origin: <adhoc 'ping' task>

{'action': 'ping', 'args': {}, 'timeout': 0, 'async_val': 0, 'poll': 15}


2026-09-29 14:21:12,155 p=53432 u=bolajiadedeji n=ansible INFO| ec2-18-171-146-74.eu-west-2.compute.amazonaws.com | UNREACHABLE! => {
    "changed": false,
    "msg": "Task failed: Failed to connect to the host via ssh: Host key verification failed.",
    "unreachable": true
}
2026-09-29 14:27:16,405 p=53630 u=bolajiadedeji n=ansible WARNING| [WARNING]: Deprecation warnings can be disabled by setting `deprecation_warnings=False` in ansible.cfg.

2026-09-29 14:27:16,405 p=53630 u=bolajiadedeji n=ansible INFO| [DEPRECATION WARNING]: The 'tags' host variable is deprecated. Use 'ec2_tags' instead. This feature will be removed from collection 'amazon.aws' in a release after 2026-12-01.

2026-09-29 14:27:16,416 p=53630 u=bolajiadedeji n=botocore.credentials INFO| Found credentials in shared credentials file: ~/.aws/credentials
2026-09-29 14:27:16,655 p=53630 u=bolajiadedeji n=botocore.credentials INFO| Found credentials in shared credentials file: ~/.aws/credentials
2026-09-29 14:27:17,293 p=53630 u=bolajiadedeji n=botocore.credentials INFO| Found credentials in shared credentials file: ~/.aws/credentials
2026-09-29 14:27:17,662 p=53630 u=bolajiadedeji n=botocore.credentials INFO| Found credentials in shared credentials file: ~/.aws/credentials
2026-09-29 14:27:17,973 p=53630 u=bolajiadedeji n=botocore.credentials INFO| Found credentials in shared credentials file: ~/.aws/credentials
2026-09-29 14:27:18,335 p=53630 u=bolajiadedeji n=botocore.credentials INFO| Found credentials in shared credentials file: ~/.aws/credentials
2026-09-29 14:27:18,604 p=53630 u=bolajiadedeji n=botocore.credentials INFO| Found credentials in shared credentials file: ~/.aws/credentials
2026-09-29 14:27:19,704 p=53630 u=bolajiadedeji n=botocore.credentials INFO| Found credentials in shared credentials file: ~/.aws/credentials
2026-09-29 14:27:20,783 p=53630 u=bolajiadedeji n=botocore.credentials INFO| Found credentials in shared credentials file: ~/.aws/credentials
2026-09-29 14:27:21,783 p=53630 u=bolajiadedeji n=botocore.credentials INFO| Found credentials in shared credentials file: ~/.aws/credentials
2026-09-29 14:27:22,265 p=53630 u=bolajiadedeji n=botocore.credentials INFO| Found credentials in shared credentials file: ~/.aws/credentials
2026-09-29 14:27:23,127 p=53630 u=bolajiadedeji n=botocore.credentials INFO| Found credentials in shared credentials file: ~/.aws/credentials
2026-09-29 14:27:23,860 p=53630 u=bolajiadedeji n=botocore.credentials INFO| Found credentials in shared credentials file: ~/.aws/credentials
2026-09-29 14:27:24,984 p=53630 u=bolajiadedeji n=botocore.credentials INFO| Found credentials in shared credentials file: ~/.aws/credentials
2026-09-29 14:27:25,282 p=53630 u=bolajiadedeji n=botocore.credentials INFO| Found credentials in shared credentials file: ~/.aws/credentials
2026-09-29 14:27:25,836 p=53630 u=bolajiadedeji n=botocore.credentials INFO| Found credentials in shared credentials file: ~/.aws/credentials
2026-09-29 14:27:26,353 p=53630 u=bolajiadedeji n=botocore.credentials INFO| Found credentials in shared credentials file: ~/.aws/credentials
2026-09-29 14:27:27,069 p=53630 u=bolajiadedeji n=botocore.credentials INFO| Found credentials in shared credentials file: ~/.aws/credentials
2026-09-29 14:27:27,830 p=53630 u=bolajiadedeji n=ansible WARNING| [WARNING]: Found variable using reserved name 'tags'.
Origin: <unknown>

tags


2026-09-29 14:27:29,464 p=53630 u=bolajiadedeji n=ansible WARNING| [WARNING]: Host 'ec2-18-171-146-74.eu-west-2.compute.amazonaws.com' is using the discovered Python interpreter at '/usr/bin/python3.9', but future installation of another Python interpreter could cause a different interpreter to be discovered. See https://docs.ansible.com/ansible-core/2.21/reference_appendices/interpreter_discovery.html for more information.

2026-09-29 14:27:29,465 p=53630 u=bolajiadedeji n=ansible INFO| ec2-18-171-146-74.eu-west-2.compute.amazonaws.com | SUCCESS => {
    "ansible_facts": {
        "discovered_interpreter_python": "/usr/bin/python3.9"
    },
    "changed": false,
    "ping": "pong"
}
2026-09-29 14:33:39,145 p=53759 u=bolajiadedeji n=ansible WARNING| [WARNING]: Deprecation warnings can be disabled by setting `deprecation_warnings=False` in ansible.cfg.

2026-09-29 14:33:39,145 p=53759 u=bolajiadedeji n=ansible INFO| [DEPRECATION WARNING]: The 'tags' host variable is deprecated. Use 'ec2_tags' instead. This feature will be removed from collection 'amazon.aws' in a release after 2026-12-01.

2026-09-29 14:33:39,158 p=53759 u=bolajiadedeji n=botocore.credentials INFO| Found credentials in shared credentials file: ~/.aws/credentials
2026-09-29 14:33:39,388 p=53759 u=bolajiadedeji n=botocore.credentials INFO| Found credentials in shared credentials file: ~/.aws/credentials
2026-09-29 14:33:40,158 p=53759 u=bolajiadedeji n=botocore.credentials INFO| Found credentials in shared credentials file: ~/.aws/credentials
2026-09-29 14:33:40,505 p=53759 u=bolajiadedeji n=botocore.credentials INFO| Found credentials in shared credentials file: ~/.aws/credentials
2026-09-29 14:33:40,777 p=53759 u=bolajiadedeji n=botocore.credentials INFO| Found credentials in shared credentials file: ~/.aws/credentials
2026-09-29 14:33:41,177 p=53759 u=bolajiadedeji n=botocore.credentials INFO| Found credentials in shared credentials file: ~/.aws/credentials
2026-09-29 14:33:41,442 p=53759 u=bolajiadedeji n=botocore.credentials INFO| Found credentials in shared credentials file: ~/.aws/credentials
2026-09-29 14:33:42,734 p=53759 u=bolajiadedeji n=botocore.credentials INFO| Found credentials in shared credentials file: ~/.aws/credentials
2026-09-29 14:33:43,657 p=53759 u=bolajiadedeji n=botocore.credentials INFO| Found credentials in shared credentials file: ~/.aws/credentials
2026-09-29 14:33:44,665 p=53759 u=bolajiadedeji n=botocore.credentials INFO| Found credentials in shared credentials file: ~/.aws/credentials
2026-09-29 14:33:45,204 p=53759 u=bolajiadedeji n=botocore.credentials INFO| Found credentials in shared credentials file: ~/.aws/credentials
2026-09-29 14:33:46,091 p=53759 u=bolajiadedeji n=botocore.credentials INFO| Found credentials in shared credentials file: ~/.aws/credentials
2026-09-29 14:33:46,842 p=53759 u=bolajiadedeji n=botocore.credentials INFO| Found credentials in shared credentials file: ~/.aws/credentials
2026-09-29 14:33:47,988 p=53759 u=bolajiadedeji n=botocore.credentials INFO| Found credentials in shared credentials file: ~/.aws/credentials
2026-09-29 14:33:48,257 p=53759 u=bolajiadedeji n=botocore.credentials INFO| Found credentials in shared credentials file: ~/.aws/credentials
2026-09-29 14:33:48,785 p=53759 u=bolajiadedeji n=botocore.credentials INFO| Found credentials in shared credentials file: ~/.aws/credentials
2026-09-29 14:33:49,299 p=53759 u=bolajiadedeji n=botocore.credentials INFO| Found credentials in shared credentials file: ~/.aws/credentials
2026-09-29 14:33:50,014 p=53759 u=bolajiadedeji n=botocore.credentials INFO| Found credentials in shared credentials file: ~/.aws/credentials
2026-09-29 14:33:51,362 p=53759 u=bolajiadedeji n=ansible INFO| playbook: playbook.yml
2026-09-29 14:34:32,977 p=53799 u=bolajiadedeji n=ansible WARNING| [WARNING]: Deprecation warnings can be disabled by setting `deprecation_warnings=False` in ansible.cfg.

2026-09-29 14:34:32,978 p=53799 u=bolajiadedeji n=ansible INFO| [DEPRECATION WARNING]: The 'tags' host variable is deprecated. Use 'ec2_tags' instead. This feature will be removed from collection 'amazon.aws' in a release after 2026-12-01.

2026-09-29 14:34:32,988 p=53799 u=bolajiadedeji n=botocore.credentials INFO| Found credentials in shared credentials file: ~/.aws/credentials
2026-09-29 14:34:33,197 p=53799 u=bolajiadedeji n=botocore.credentials INFO| Found credentials in shared credentials file: ~/.aws/credentials
2026-09-29 14:34:33,973 p=53799 u=bolajiadedeji n=botocore.credentials INFO| Found credentials in shared credentials file: ~/.aws/credentials
2026-09-29 14:34:34,287 p=53799 u=bolajiadedeji n=botocore.credentials INFO| Found credentials in shared credentials file: ~/.aws/credentials
2026-09-29 14:34:34,526 p=53799 u=bolajiadedeji n=botocore.credentials INFO| Found credentials in shared credentials file: ~/.aws/credentials
2026-09-29 14:34:34,850 p=53799 u=bolajiadedeji n=botocore.credentials INFO| Found credentials in shared credentials file: ~/.aws/credentials
2026-09-29 14:34:35,083 p=53799 u=bolajiadedeji n=botocore.credentials INFO| Found credentials in shared credentials file: ~/.aws/credentials
2026-09-29 14:34:36,022 p=53799 u=bolajiadedeji n=botocore.credentials INFO| Found credentials in shared credentials file: ~/.aws/credentials
2026-09-29 14:34:36,951 p=53799 u=bolajiadedeji n=botocore.credentials INFO| Found credentials in shared credentials file: ~/.aws/credentials
2026-09-29 14:34:37,921 p=53799 u=bolajiadedeji n=botocore.credentials INFO| Found credentials in shared credentials file: ~/.aws/credentials
2026-09-29 14:34:38,380 p=53799 u=bolajiadedeji n=botocore.credentials INFO| Found credentials in shared credentials file: ~/.aws/credentials
2026-09-29 14:34:39,226 p=53799 u=bolajiadedeji n=botocore.credentials INFO| Found credentials in shared credentials file: ~/.aws/credentials
2026-09-29 14:34:39,920 p=53799 u=bolajiadedeji n=botocore.credentials INFO| Found credentials in shared credentials file: ~/.aws/credentials
2026-09-29 14:34:41,037 p=53799 u=bolajiadedeji n=botocore.credentials INFO| Found credentials in shared credentials file: ~/.aws/credentials
2026-09-29 14:34:41,299 p=53799 u=bolajiadedeji n=botocore.credentials INFO| Found credentials in shared credentials file: ~/.aws/credentials
2026-09-29 14:34:41,779 p=53799 u=bolajiadedeji n=botocore.credentials INFO| Found credentials in shared credentials file: ~/.aws/credentials
2026-09-29 14:34:42,256 p=53799 u=bolajiadedeji n=botocore.credentials INFO| Found credentials in shared credentials file: ~/.aws/credentials
2026-09-29 14:34:42,941 p=53799 u=bolajiadedeji n=botocore.credentials INFO| Found credentials in shared credentials file: ~/.aws/credentials
2026-09-29 14:34:43,818 p=53799 u=bolajiadedeji n=ansible INFO| PLAY [deploy a terraform project] *********************************************************************************************************************************
2026-09-29 14:34:43,823 p=53799 u=bolajiadedeji n=ansible WARNING| [WARNING]: Found variable using reserved name 'tags'.
Origin: <unknown>

tags


2026-09-29 14:34:43,825 p=53799 u=bolajiadedeji n=ansible INFO| TASK [Gathering Facts] ********************************************************************************************************************************************
2026-09-29 14:34:46,047 p=53799 u=bolajiadedeji n=ansible WARNING| [WARNING]: Host 'ec2-18-171-146-74.eu-west-2.compute.amazonaws.com' is using the discovered Python interpreter at '/usr/bin/python3.9', but future installation of another Python interpreter could cause a different interpreter to be discovered. See https://docs.ansible.com/ansible-core/2.21/reference_appendices/interpreter_discovery.html for more information.

2026-09-29 14:34:46,048 p=53799 u=bolajiadedeji n=ansible INFO| ok: [ec2-18-171-146-74.eu-west-2.compute.amazonaws.com]
2026-09-29 14:34:46,056 p=53799 u=bolajiadedeji n=ansible INFO| TASK [install httpd] **********************************************************************************************************************************************
2026-09-29 14:35:10,084 p=53799 u=bolajiadedeji n=ansible INFO| changed: [ec2-18-171-146-74.eu-west-2.compute.amazonaws.com]
2026-09-29 14:35:10,101 p=53799 u=bolajiadedeji n=ansible INFO| TASK [start httpd service] ****************************************************************************************************************************************
2026-09-29 14:35:11,847 p=53799 u=bolajiadedeji n=ansible INFO| changed: [ec2-18-171-146-74.eu-west-2.compute.amazonaws.com]
2026-09-29 14:35:11,856 p=53799 u=bolajiadedeji n=ansible INFO| TASK [deploy application] *****************************************************************************************************************************************
2026-09-29 14:35:13,125 p=53799 u=bolajiadedeji n=ansible INFO| changed: [ec2-18-171-146-74.eu-west-2.compute.amazonaws.com]
2026-09-29 14:35:13,127 p=53799 u=bolajiadedeji n=ansible INFO| PLAY RECAP ********************************************************************************************************************************************************
2026-09-29 14:35:13,127 p=53799 u=bolajiadedeji n=ansible INFO| ec2-18-171-146-74.eu-west-2.compute.amazonaws.com : ok=4    changed=3    unreachable=0    failed=0    skipped=0    rescued=0    ignored=0   
2026-09-29 14:40:36,053 p=54026 u=bolajiadedeji n=ansible WARNING| [WARNING]: Deprecation warnings can be disabled by setting `deprecation_warnings=False` in ansible.cfg.

2026-09-29 14:40:36,053 p=54026 u=bolajiadedeji n=ansible INFO| [DEPRECATION WARNING]: The 'tags' host variable is deprecated. Use 'ec2_tags' instead. This feature will be removed from collection 'amazon.aws' in a release after 2026-12-01.

2026-09-29 14:40:36,065 p=54026 u=bolajiadedeji n=botocore.credentials INFO| Found credentials in shared credentials file: ~/.aws/credentials
2026-09-29 14:40:36,342 p=54026 u=bolajiadedeji n=botocore.credentials INFO| Found credentials in shared credentials file: ~/.aws/credentials
2026-09-29 14:40:37,251 p=54026 u=bolajiadedeji n=botocore.credentials INFO| Found credentials in shared credentials file: ~/.aws/credentials
2026-09-29 14:40:37,585 p=54026 u=bolajiadedeji n=botocore.credentials INFO| Found credentials in shared credentials file: ~/.aws/credentials
2026-09-29 14:40:37,851 p=54026 u=bolajiadedeji n=botocore.credentials INFO| Found credentials in shared credentials file: ~/.aws/credentials
2026-09-29 14:40:38,233 p=54026 u=bolajiadedeji n=botocore.credentials INFO| Found credentials in shared credentials file: ~/.aws/credentials
2026-09-29 14:40:38,566 p=54026 u=bolajiadedeji n=botocore.credentials INFO| Found credentials in shared credentials file: ~/.aws/credentials
2026-09-29 14:40:39,777 p=54026 u=bolajiadedeji n=botocore.credentials INFO| Found credentials in shared credentials file: ~/.aws/credentials
2026-09-29 14:40:40,731 p=54026 u=bolajiadedeji n=botocore.credentials INFO| Found credentials in shared credentials file: ~/.aws/credentials
2026-09-29 14:40:41,762 p=54026 u=bolajiadedeji n=botocore.credentials INFO| Found credentials in shared credentials file: ~/.aws/credentials
2026-09-29 14:40:42,247 p=54026 u=bolajiadedeji n=botocore.credentials INFO| Found credentials in shared credentials file: ~/.aws/credentials
2026-09-29 14:40:43,121 p=54026 u=bolajiadedeji n=botocore.credentials INFO| Found credentials in shared credentials file: ~/.aws/credentials
2026-09-29 14:40:43,846 p=54026 u=bolajiadedeji n=botocore.credentials INFO| Found credentials in shared credentials file: ~/.aws/credentials
2026-09-29 14:40:44,962 p=54026 u=bolajiadedeji n=botocore.credentials INFO| Found credentials in shared credentials file: ~/.aws/credentials
2026-09-29 14:40:45,261 p=54026 u=bolajiadedeji n=botocore.credentials INFO| Found credentials in shared credentials file: ~/.aws/credentials
2026-09-29 14:40:45,780 p=54026 u=bolajiadedeji n=botocore.credentials INFO| Found credentials in shared credentials file: ~/.aws/credentials
2026-09-29 14:40:46,305 p=54026 u=bolajiadedeji n=botocore.credentials INFO| Found credentials in shared credentials file: ~/.aws/credentials
2026-09-29 14:40:47,055 p=54026 u=bolajiadedeji n=botocore.credentials INFO| Found credentials in shared credentials file: ~/.aws/credentials
2026-09-29 14:40:47,942 p=54026 u=bolajiadedeji n=ansible INFO| PLAY [deploy a terraform project] *********************************************************************************************************************************
2026-09-29 14:40:47,947 p=54026 u=bolajiadedeji n=ansible WARNING| [WARNING]: Found variable using reserved name 'tags'.
Origin: <unknown>

tags


2026-09-29 14:40:47,948 p=54026 u=bolajiadedeji n=ansible INFO| TASK [Gathering Facts] ********************************************************************************************************************************************
2026-09-29 14:40:50,216 p=54026 u=bolajiadedeji n=ansible WARNING| [WARNING]: Host 'ec2-18-171-146-74.eu-west-2.compute.amazonaws.com' is using the discovered Python interpreter at '/usr/bin/python3.9', but future installation of another Python interpreter could cause a different interpreter to be discovered. See https://docs.ansible.com/ansible-core/2.21/reference_appendices/interpreter_discovery.html for more information.

2026-09-29 14:40:50,216 p=54026 u=bolajiadedeji n=ansible INFO| ok: [ec2-18-171-146-74.eu-west-2.compute.amazonaws.com]
2026-09-29 14:40:50,223 p=54026 u=bolajiadedeji n=ansible INFO| TASK [install httpd] **********************************************************************************************************************************************
2026-09-29 14:40:52,347 p=54026 u=bolajiadedeji n=ansible INFO| ok: [ec2-18-171-146-74.eu-west-2.compute.amazonaws.com]
2026-09-29 14:40:52,362 p=54026 u=bolajiadedeji n=ansible INFO| TASK [start httpd service] ****************************************************************************************************************************************
2026-09-29 14:40:53,656 p=54026 u=bolajiadedeji n=ansible INFO| ok: [ec2-18-171-146-74.eu-west-2.compute.amazonaws.com]
2026-09-29 14:40:53,672 p=54026 u=bolajiadedeji n=ansible INFO| TASK [deploy application] *****************************************************************************************************************************************
2026-09-29 14:40:55,712 p=54026 u=bolajiadedeji n=ansible INFO| changed: [ec2-18-171-146-74.eu-west-2.compute.amazonaws.com]
2026-09-29 14:40:55,713 p=54026 u=bolajiadedeji n=ansible INFO| PLAY RECAP ********************************************************************************************************************************************************
2026-09-29 14:40:55,714 p=54026 u=bolajiadedeji n=ansible INFO| ec2-18-171-146-74.eu-west-2.compute.amazonaws.com : ok=4    changed=1    unreachable=0    failed=0    skipped=0    rescued=0    ignored=0   
